C
C
P
P
C
C
P
P
C
P
C
C
C
C
C
C
C
C
C
C
C
C
C
C
C
C
P
C
C
C
C
C
P
C
C
C
P
C
C
P
C
C
P
C
C
C
C
C
C
P
P
C
C
C
C
C
C
P
C
C
C
C
C
C
C
P
C
C
C
C
C
C
C
P
P
P
C
C
C
C
C
C
C
C
C
P
P
C
C
C
C
P
C
C
C
C
C
C
C
C
C
C
C
C
C
C
C
C
C
C
C
C
C
C
C
C
C
C
C
C
C
C
C
C
C
C
C
C
C
C
C
C
C
C
C
C
C
C
C
C
C
P
C
P
C
C
C
C
C
C
C
C
C
C
C
P
C
C
C
C
C
P
C
C
C
C
P
C
C
C
C
C
P
C
C
C
C
C
C
C
C
C
C
C
C
C
C
C
C
C
P
C
C
C
C
C
C
C
C
C
